============================= test session starts =============================
platform win32 -- Python 3.11.5, pytest-8.0.1, pluggy-1.4.0
rootdir: C:\Users\pbbisht\Desktop\DocumentSearchBot-main\server   
plugins: anyio-4.2.0, flask-1.3.0
collected 7 items

tests\test_app.py .......                                                [100%]

============================== warnings summary ===============================
tests/test_app.py::test_login
  C:\Users\pbbisht\Desktop\searchBot\server\venv\Lib\site-packages\llama_index\core\node_parser\relational\markdown_element.py:4: DeprecationWarning: 
  Pyarrow will become a required dependency of pandas in the next major release of pandas (pandas 3.0),
  (to allow more performant data types, such as the Arrow string type, and better interoperability with other libraries)
  but was not found to be installed on your system.
  If this would cause problems for you,
  please provide us feedback at https://github.com/pandas-dev/pandas/issues/54466
          
    import pandas as pd

-- Docs: https://docs.pytest.org/en/stable/how-to/capture-warnings.html
======================== 7 passed, 1 warning in 2.48s =========================
